C:\chris\tmp\workspace\Trails\examples\simple\src\org\trails\demo\AssignedIdAspect.aj
C:\chris\tmp\workspace\Trails\examples\simple\src\org\trails\demo\Catalog.java
C:\chris\tmp\workspace\Trails\examples\simple\src\org\trails\demo\CatalogBeanInfo.java
C:\chris\tmp\workspace\Trails\examples\simple\src\org\trails\demo\Category.java
C:\chris\tmp\workspace\Trails\examples\simple\src\org\trails\demo\Product.java
C:\chris\tmp\workspace\Trails\examples\simple\src\org\trails\demo\ProductPage.java
C:\chris\tmp\workspace\Trails\examples\simple\src\org\trails\demo\Thing.java
C:\chris\tmp\workspace\Trails\examples\simple\src\org\trails\demo\Thing2.java
C:\chris\tmp\workspace\Trails\src\org\trails\component\AllInstancesSelectionModel.java
C:\chris\tmp\workspace\Trails\src\org\trails\component\EditCollection.java
C:\chris\tmp\workspace\Trails\src\org\trails\component\EditLink.java
C:\chris\tmp\workspace\Trails\src\org\trails\component\Identifier.java
C:\chris\tmp\workspace\Trails\src\org\trails\component\InvokeMethod.java
C:\chris\tmp\workspace\Trails\src\org\trails\component\Link.java
C:\chris\tmp\workspace\Trails\src\org\trails\component\ListAllLink.java
C:\chris\tmp\workspace\Trails\src\org\trails\component\NewLink.java
C:\chris\tmp\workspace\Trails\src\org\trails\component\ObjectEditor.java
C:\chris\tmp\workspace\Trails\src\org\trails\component\ObjectList.java
C:\chris\tmp\workspace\Trails\src\org\trails\component\PropertyEditor.java
C:\chris\tmp\workspace\Trails\src\org\trails\component\TrailsComponent.java
C:\chris\tmp\workspace\Trails\src\org\trails\component\Utils.java
C:\chris\tmp\workspace\Trails\src\org\trails\descriptor\CollectionDescriptor.java
C:\chris\tmp\workspace\Trails\src\org\trails\descriptor\IdentifierDescriptor.java
C:\chris\tmp\workspace\Trails\src\org\trails\descriptor\ObjectReferenceDescriptor.java
C:\chris\tmp\workspace\Trails\src\org\trails\descriptor\PropertyDescriptor.java
C:\chris\tmp\workspace\Trails\src\org\trails\descriptor\PropertyDescriptorService.java
C:\chris\tmp\workspace\Trails\src\org\trails\descriptor\TrailsClassDescriptor.java
C:\chris\tmp\workspace\Trails\src\org\trails\engine\TrailsEngine.java
C:\chris\tmp\workspace\Trails\src\org\trails\hibernate\AssignedIdentifierAspect.aj
C:\chris\tmp\workspace\Trails\src\org\trails\hibernate\HasAssignedIdentifier.java
C:\chris\tmp\workspace\Trails\src\org\trails\hibernate\HibernatePersistenceService.java
C:\chris\tmp\workspace\Trails\src\org\trails\hibernate\HibernatePropertyDescriptorService.java
C:\chris\tmp\workspace\Trails\src\org\trails\hibernate\HQLQuery.java
C:\chris\tmp\workspace\Trails\src\org\trails\hibernate\Interceptable.java
C:\chris\tmp\workspace\Trails\src\org\trails\hibernate\TrailsInterceptor.java
C:\chris\tmp\workspace\Trails\src\org\trails\page\AddToCollectionPage.java
C:\chris\tmp\workspace\Trails\src\org\trails\page\EditPage.java
C:\chris\tmp\workspace\Trails\src\org\trails\page\InvokeMethodPage.java
C:\chris\tmp\workspace\Trails\src\org\trails\page\ListPage.java
C:\chris\tmp\workspace\Trails\src\org\trails\persistence\Criterion.java
C:\chris\tmp\workspace\Trails\src\org\trails\persistence\PersistenceService.java
C:\chris\tmp\workspace\Trails\src\org\trails\persistence\Query.java
C:\chris\tmp\workspace\Trails\src\org\trails\Visit.java
C:\chris\tmp\workspace\Trails\test\org\apache\tapestry\test\AbstractInstantiator.java
C:\chris\tmp\workspace\Trails\test\org\trails\component\AllInstancesSelectionModelTest.java
C:\chris\tmp\workspace\Trails\test\org\trails\component\EditCollectionTest.java
C:\chris\tmp\workspace\Trails\test\org\trails\component\EditLinkTest.java
C:\chris\tmp\workspace\Trails\test\org\trails\component\EditPageTest.java
C:\chris\tmp\workspace\Trails\test\org\trails\component\InvokeMethodTest.java
C:\chris\tmp\workspace\Trails\test\org\trails\component\ListAllLinkTest.java
C:\chris\tmp\workspace\Trails\test\org\trails\component\ListPageTest.java
C:\chris\tmp\workspace\Trails\test\org\trails\component\NewLinkTest.java
C:\chris\tmp\workspace\Trails\test\org\trails\component\ObjectListTest.java
C:\chris\tmp\workspace\Trails\test\org\trails\component\PropertyEditorTest.java
C:\chris\tmp\workspace\Trails\test\org\trails\component\UtilsTest.java
C:\chris\tmp\workspace\Trails\test\org\trails\descriptor\PropertyDescriptorTest.java
C:\chris\tmp\workspace\Trails\test\org\trails\descriptor\TrailsClassDescriptorTest.java
C:\chris\tmp\workspace\Trails\test\org\trails\hibernate\AssignedIdAspect.aj
C:\chris\tmp\workspace\Trails\test\org\trails\hibernate\HibernatePersistenceServiceTest.java
C:\chris\tmp\workspace\Trails\test\org\trails\hibernate\HibernatePropertyDescriptorServiceTest.java
C:\chris\tmp\workspace\Trails\test\org\trails\hibernate\TrailsInterceptorTest.java
C:\chris\tmp\workspace\Trails\test\org\trails\page\AddToCollectionPageTest.java
C:\chris\tmp\workspace\Trails\test\org\trails\test\Bar.java
C:\chris\tmp\workspace\Trails\test\org\trails\test\Baz.java
C:\chris\tmp\workspace\Trails\test\org\trails\test\Bing.java
C:\chris\tmp\workspace\Trails\test\org\trails\test\Foo.java
C:\chris\tmp\workspace\Trails\test\org\trails\test\FooBeanInfo.java
C:\chris\tmp\workspace\Trails\test\org\trails\test\IBar.java
